------------------------------------------------------------
Timing Analyzer Summary
------------------------------------------------------------

Type  : Slow 1200mV 85C Model Setup 'CLOCK_50'
Slack : -11.364
TNS   : -2128.826

Type  : Slow 1200mV 85C Model Hold 'CLOCK_50'
Slack : 0.333
TNS   : 0.000

Type  : Slow 1200mV 85C Model Recovery 'CLOCK_50'
Slack : -1.228
TNS   : -75.966

Type  : Slow 1200mV 85C Model Removal 'CLOCK_50'
Slack : 0.544
TNS   : 0.000

Type  : Slow 1200mV 85C Model Minimum Pulse Width 'CLOCK_50'
Slack : -3.000
TNS   : -787.632

Type  : Slow 1200mV 0C Model Setup 'CLOCK_50'
Slack : -10.160
TNS   : -1893.815

Type  : Slow 1200mV 0C Model Hold 'CLOCK_50'
Slack : 0.329
TNS   : 0.000

Type  : Slow 1200mV 0C Model Recovery 'CLOCK_50'
Slack : -1.044
TNS   : -55.541

Type  : Slow 1200mV 0C Model Removal 'CLOCK_50'
Slack : 0.487
TNS   : 0.000

Type  : Slow 1200mV 0C Model Minimum Pulse Width 'CLOCK_50'
Slack : -3.000
TNS   : -786.576

Type  : Fast 1200mV 0C Model Setup 'CLOCK_50'
Slack : -5.078
TNS   : -802.062

Type  : Fast 1200mV 0C Model Hold 'CLOCK_50'
Slack : 0.133
TNS   : 0.000

Type  : Fast 1200mV 0C Model Recovery 'CLOCK_50'
Slack : -0.082
TNS   : -1.805

Type  : Fast 1200mV 0C Model Removal 'CLOCK_50'
Slack : 0.264
TNS   : 0.000

Type  : Fast 1200mV 0C Model Minimum Pulse Width 'CLOCK_50'
Slack : -3.000
TNS   : -612.560

------------------------------------------------------------
