Analysis & Synthesis report for HWDP_PR8
Mon Jan 12 11:12:31 2026
Quartus Prime Version 25.1std.0 Build 1129 10/21/2025 SC Lite Edition


---------------------
; Table of Contents ;
---------------------
  1. Legal Notice
  2. Analysis & Synthesis Summary
  3. Analysis & Synthesis Settings
  4. Parallel Compilation
  5. Analysis & Synthesis Source Files Read
  6. Analysis & Synthesis Resource Usage Summary
  7. Analysis & Synthesis Resource Utilization by Entity
  8. State Machine - |board_cmd_proc|cmd_proc:cmd_proc|fsm_state
  9. Logic Cells Representing Combinational Loops
 10. Registers Removed During Synthesis
 11. General Register Statistics
 12. Inverted Register Statistics
 13. Multiplexer Restructuring Statistics (Restructuring Performed)
 14. Parameter Settings for User Entity Instance: cmd_proc:cmd_proc
 15. Parameter Settings for User Entity Instance: cmd_proc:cmd_proc|periodical_strb_gen:strb_gen
 16. Port Connectivity Checks: "cmd_proc:cmd_proc"
 17. Post-Synthesis Netlist Statistics for Top Partition
 18. Elapsed Time Per Partition
 19. Analysis & Synthesis Messages



----------------
; Legal Notice ;
----------------
Copyright (C) 2025  Altera Corporation. All rights reserved.
Your use of Altera Corporation's design tools, logic functions 
and other software and tools, and any partner logic 
functions, and any output files from any of the foregoing 
(including device programming or simulation files), and any 
associated documentation or information are expressly subject 
to the terms and conditions of the Altera Program License 
Subscription Agreement, the Altera Quartus Prime License Agreement,
the Altera IP License Agreement, or other applicable license
agreement, including, without limitation, that your use is for
the sole purpose of programming logic devices manufactured by
Altera and sold by Altera or its authorized distributors.  Please
refer to the Altera Software License Subscription Agreements 
on the Quartus Prime software download page.



+-----------------------------------------------------------------------------------+
; Analysis & Synthesis Summary                                                      ;
+---------------------------------+-------------------------------------------------+
; Analysis & Synthesis Status     ; Successful - Mon Jan 12 11:12:31 2026           ;
; Quartus Prime Version           ; 25.1std.0 Build 1129 10/21/2025 SC Lite Edition ;
; Revision Name                   ; HWDP_PR8                                        ;
; Top-level Entity Name           ; board_cmd_proc                                  ;
; Family                          ; Cyclone V                                       ;
; Logic utilization (in ALMs)     ; N/A                                             ;
; Total registers                 ; 82                                              ;
; Total pins                      ; 64                                              ;
; Total virtual pins              ; 0                                               ;
; Total block memory bits         ; 0                                               ;
; Total DSP Blocks                ; 0                                               ;
; Total HSSI RX PCSs              ; 0                                               ;
; Total HSSI PMA RX Deserializers ; 0                                               ;
; Total HSSI TX PCSs              ; 0                                               ;
; Total HSSI PMA TX Serializers   ; 0                                               ;
; Total PLLs                      ; 0                                               ;
; Total DLLs                      ; 0                                               ;
+---------------------------------+-------------------------------------------------+


+---------------------------------------------------------------------------------------------------------------------------+
; Analysis & Synthesis Settings                                                                                             ;
+---------------------------------------------------------------------------------+--------------------+--------------------+
; Option                                                                          ; Setting            ; Default Value      ;
+---------------------------------------------------------------------------------+--------------------+--------------------+
; Device                                                                          ; 5CSXFC6D6F31C6     ;                    ;
; Top-level entity name                                                           ; board_cmd_proc     ; HWDP_PR8           ;
; Family name                                                                     ; Cyclone V          ; Cyclone V          ;
; Use smart compilation                                                           ; Off                ; Off                ;
; Enable parallel Assembler and Timing Analyzer during compilation                ; On                 ; On                 ;
; Enable compact report table                                                     ; Off                ; Off                ;
; Restructure Multiplexers                                                        ; Auto               ; Auto               ;
; MLAB Add Timing Constraints For Mixed-Port Feed-Through Mode Setting Don't Care ; Off                ; Off                ;
; Create Debugging Nodes for IP Cores                                             ; Off                ; Off                ;
; Preserve fewer node names                                                       ; On                 ; On                 ;
; Intel FPGA IP Evaluation Mode                                                   ; Enable             ; Enable             ;
; Verilog Version                                                                 ; Verilog_2001       ; Verilog_2001       ;
; VHDL Version                                                                    ; VHDL_1993          ; VHDL_1993          ;
; State Machine Processing                                                        ; Auto               ; Auto               ;
; Safe State Machine                                                              ; Off                ; Off                ;
; Extract Verilog State Machines                                                  ; On                 ; On                 ;
; Extract VHDL State Machines                                                     ; On                 ; On                 ;
; Ignore Verilog initial constructs                                               ; Off                ; Off                ;
; Iteration limit for constant Verilog loops                                      ; 5000               ; 5000               ;
; Iteration limit for non-constant Verilog loops                                  ; 250                ; 250                ;
; Add Pass-Through Logic to Inferred RAMs                                         ; On                 ; On                 ;
; Infer RAMs from Raw Logic                                                       ; On                 ; On                 ;
; Parallel Synthesis                                                              ; On                 ; On                 ;
; DSP Block Balancing                                                             ; Auto               ; Auto               ;
; NOT Gate Push-Back                                                              ; On                 ; On                 ;
; Power-Up Don't Care                                                             ; On                 ; On                 ;
; Remove Redundant Logic Cells                                                    ; Off                ; Off                ;
; Remove Duplicate Registers                                                      ; On                 ; On                 ;
; Ignore CARRY Buffers                                                            ; Off                ; Off                ;
; Ignore CASCADE Buffers                                                          ; Off                ; Off                ;
; Ignore GLOBAL Buffers                                                           ; Off                ; Off                ;
; Ignore ROW GLOBAL Buffers                                                       ; Off                ; Off                ;
; Ignore LCELL Buffers                                                            ; Off                ; Off                ;
; Ignore SOFT Buffers                                                             ; On                 ; On                 ;
; Limit AHDL Integers to 32 Bits                                                  ; Off                ; Off                ;
; Optimization Technique                                                          ; Balanced           ; Balanced           ;
; Carry Chain Length                                                              ; 70                 ; 70                 ;
; Auto Carry Chains                                                               ; On                 ; On                 ;
; Auto Open-Drain Pins                                                            ; On                 ; On                 ;
; Perform WYSIWYG Primitive Resynthesis                                           ; Off                ; Off                ;
; Auto ROM Replacement                                                            ; On                 ; On                 ;
; Auto RAM Replacement                                                            ; On                 ; On                 ;
; Auto DSP Block Replacement                                                      ; On                 ; On                 ;
; Auto Shift Register Replacement                                                 ; Auto               ; Auto               ;
; Allow Shift Register Merging across Hierarchies                                 ; Auto               ; Auto               ;
; Auto Clock Enable Replacement                                                   ; On                 ; On                 ;
; Strict RAM Replacement                                                          ; Off                ; Off                ;
; Allow Synchronous Control Signals                                               ; On                 ; On                 ;
; Force Use of Synchronous Clear Signals                                          ; Off                ; Off                ;
; Auto Resource Sharing                                                           ; Off                ; Off                ;
; Allow Any RAM Size For Recognition                                              ; Off                ; Off                ;
; Allow Any ROM Size For Recognition                                              ; Off                ; Off                ;
; Allow Any Shift Register Size For Recognition                                   ; Off                ; Off                ;
; Use LogicLock Constraints during Resource Balancing                             ; On                 ; On                 ;
; Ignore translate_off and synthesis_off directives                               ; Off                ; Off                ;
; Timing-Driven Synthesis                                                         ; On                 ; On                 ;
; Report Parameter Settings                                                       ; On                 ; On                 ;
; Report Source Assignments                                                       ; On                 ; On                 ;
; Report Connectivity Checks                                                      ; On                 ; On                 ;
; Ignore Maximum Fan-Out Assignments                                              ; Off                ; Off                ;
; Synchronization Register Chain Length                                           ; 3                  ; 3                  ;
; Power Optimization During Synthesis                                             ; Normal compilation ; Normal compilation ;
; HDL message level                                                               ; Level2             ; Level2             ;
; Suppress Register Optimization Related Messages                                 ; Off                ; Off                ;
; Number of Removed Registers Reported in Synthesis Report                        ; 5000               ; 5000               ;
; Number of Swept Nodes Reported in Synthesis Report                              ; 5000               ; 5000               ;
; Number of Inverted Registers Reported in Synthesis Report                       ; 100                ; 100                ;
; Clock MUX Protection                                                            ; On                 ; On                 ;
; Auto Gated Clock Conversion                                                     ; Off                ; Off                ;
; Block Design Naming                                                             ; Auto               ; Auto               ;
; SDC constraint protection                                                       ; Off                ; Off                ;
; Synthesis Effort                                                                ; Auto               ; Auto               ;
; Shift Register Replacement - Allow Asynchronous Clear Signal                    ; On                 ; On                 ;
; Pre-Mapping Resynthesis Optimization                                            ; Off                ; Off                ;
; Analysis & Synthesis Message Level                                              ; Medium             ; Medium             ;
; Disable Register Merging Across Hierarchies                                     ; Auto               ; Auto               ;
; Resource Aware Inference For Block RAM                                          ; On                 ; On                 ;
; Automatic Parallel Synthesis                                                    ; On                 ; On                 ;
; Partial Reconfiguration Bitstream ID                                            ; Off                ; Off                ;
+---------------------------------------------------------------------------------+--------------------+--------------------+


+------------------------------------------+
; Parallel Compilation                     ;
+----------------------------+-------------+
; Processors                 ; Number      ;
+----------------------------+-------------+
; Number detected on machine ; 16          ;
; Maximum allowed            ; 16          ;
;                            ;             ;
; Average used               ; 1.00        ;
; Maximum used               ; 16          ;
;                            ;             ;
; Usage by Processor         ; % Time Used ;
;     Processor 1            ; 100.0%      ;
;     Processors 2-16        ;   0.0%      ;
+----------------------------+-------------+


+-----------------------------------------------------------------------------------------------------------------------------------------------------------+
; Analysis & Synthesis Source Files Read                                                                                                                    ;
+----------------------------------+-----------------+-----------------+--------------------------------------------------------------------------+---------+
; File Name with User-Entered Path ; Used in Netlist ; File Type       ; File Name with Absolute Path                                             ; Library ;
+----------------------------------+-----------------+-----------------+--------------------------------------------------------------------------+---------+
; std_package.vhd                  ; yes             ; User VHDL File  ; /home/felix/DEV/Uni/WS2025/Hardwaredesign/PR8/std_package.vhd            ;         ;
; Commands_p.vhd                   ; yes             ; User VHDL File  ; /home/felix/DEV/Uni/WS2025/Hardwaredesign/PR8/Commands_p.vhd             ;         ;
; CommandROM_ea.vhd                ; yes             ; User VHDL File  ; /home/felix/DEV/Uni/WS2025/Hardwaredesign/PR8/CommandROM_ea.vhd          ;         ;
; cmd_proc_e.vhd                   ; yes             ; User VHDL File  ; /home/felix/DEV/Uni/WS2025/Hardwaredesign/PR8/cmd_proc_e.vhd             ;         ;
; cmd_proc_a.vhd                   ; yes             ; User VHDL File  ; /home/felix/DEV/Uni/WS2025/Hardwaredesign/PR8/cmd_proc_a.vhd             ;         ;
; periodical_strb_gen_ea.vhd       ; yes             ; User VHDL File  ; /home/felix/DEV/Uni/WS2025/Hardwaredesign/PR8/periodical_strb_gen_ea.vhd ;         ;
; tb_periodical_strb_gen.vhd       ; yes             ; User VHDL File  ; /home/felix/DEV/Uni/WS2025/Hardwaredesign/PR8/tb_periodical_strb_gen.vhd ;         ;
; tb_cmd_proc.vhd                  ; yes             ; User VHDL File  ; /home/felix/DEV/Uni/WS2025/Hardwaredesign/PR8/tb_cmd_proc.vhd            ;         ;
; board_cmd_proc_ea.vhd            ; yes             ; User VHDL File  ; /home/felix/DEV/Uni/WS2025/Hardwaredesign/PR8/board_cmd_proc_ea.vhd      ;         ;
+----------------------------------+-----------------+-----------------+--------------------------------------------------------------------------+---------+


+-----------------------------------------------------------+
; Analysis & Synthesis Resource Usage Summary               ;
+---------------------------------------------+-------------+
; Resource                                    ; Usage       ;
+---------------------------------------------+-------------+
; Estimate of Logic utilization (ALMs needed) ; 142         ;
;                                             ;             ;
; Combinational ALUT usage for logic          ; 233         ;
;     -- 7 input functions                    ; 0           ;
;     -- 6 input functions                    ; 50          ;
;     -- 5 input functions                    ; 5           ;
;     -- 4 input functions                    ; 17          ;
;     -- <=3 input functions                  ; 161         ;
;                                             ;             ;
; Dedicated logic registers                   ; 82          ;
;                                             ;             ;
; I/O pins                                    ; 64          ;
;                                             ;             ;
; Total DSP Blocks                            ; 0           ;
;                                             ;             ;
; Maximum fan-out node                        ; clk_i~input ;
; Maximum fan-out                             ; 82          ;
; Total fan-out                               ; 1097        ;
; Average fan-out                             ; 2.48        ;
+---------------------------------------------+-------------+


+-----------------------------------------------------------------------------------------------------------------------------------------------------------------------------------------------------------------------------------------------------+
; Analysis & Synthesis Resource Utilization by Entity                                                                                                                                                                                                 ;
+--------------------------------------+---------------------+---------------------------+-------------------+------------+------+--------------+----------------------------------------------------------------+---------------------+--------------+
; Compilation Hierarchy Node           ; Combinational ALUTs ; Dedicated Logic Registers ; Block Memory Bits ; DSP Blocks ; Pins ; Virtual Pins ; Full Hierarchy Name                                            ; Entity Name         ; Library Name ;
+--------------------------------------+---------------------+---------------------------+-------------------+------------+------+--------------+----------------------------------------------------------------+---------------------+--------------+
; |board_cmd_proc                      ; 233 (0)             ; 82 (0)                    ; 0                 ; 0          ; 64   ; 0            ; |board_cmd_proc                                                ; board_cmd_proc      ; work         ;
;    |cmd_proc:cmd_proc|               ; 233 (171)           ; 82 (44)                   ; 0                 ; 0          ; 0    ; 0            ; |board_cmd_proc|cmd_proc:cmd_proc                              ; cmd_proc            ; work         ;
;       |command_rom:cmd_rom|          ; 16 (16)             ; 16 (16)                   ; 0                 ; 0          ; 0    ; 0            ; |board_cmd_proc|cmd_proc:cmd_proc|command_rom:cmd_rom          ; command_rom         ; work         ;
;       |periodical_strb_gen:strb_gen| ; 46 (46)             ; 22 (22)                   ; 0                 ; 0          ; 0    ; 0            ; |board_cmd_proc|cmd_proc:cmd_proc|periodical_strb_gen:strb_gen ; periodical_strb_gen ; work         ;
+--------------------------------------+---------------------+---------------------------+-------------------+------------+------+--------------+----------------------------------------------------------------+---------------------+--------------+
Note: For table entries with two numbers listed, the numbers in parentheses indicate the number of resources of the given type used by the specific entity alone. The numbers listed outside of parentheses indicate the total resources of the given type used by the specific entity and all of its sub-entities in the hierarchy.


Encoding Type:  One-Hot
+----------------------------------------------------------------------------------------------------------------------+
; State Machine - |board_cmd_proc|cmd_proc:cmd_proc|fsm_state                                                          ;
+---------------------------+-------------------------+-------------------+---------------------------+----------------+
; Name                      ; fsm_state.WAIT_COMPLETE ; fsm_state.DRAWING ; fsm_state.WAIT_FOR_STROBE ; fsm_state.IDLE ;
+---------------------------+-------------------------+-------------------+---------------------------+----------------+
; fsm_state.IDLE            ; 0                       ; 0                 ; 0                         ; 0              ;
; fsm_state.WAIT_FOR_STROBE ; 0                       ; 0                 ; 1                         ; 1              ;
; fsm_state.DRAWING         ; 0                       ; 1                 ; 0                         ; 1              ;
; fsm_state.WAIT_COMPLETE   ; 1                       ; 0                 ; 0                         ; 1              ;
+---------------------------+-------------------------+-------------------+---------------------------+----------------+


+--------------------------------------------------------------------+
; Logic Cells Representing Combinational Loops                       ;
+---------------------------------------------------------------+----+
; Logic Cell Name                                               ;    ;
+---------------------------------------------------------------+----+
; cmd_proc:cmd_proc|x_out[0]                                    ;    ;
; cmd_proc:cmd_proc|Selector24~0                                ;    ;
; cmd_proc:cmd_proc|Selector23~0                                ;    ;
; cmd_proc:cmd_proc|Selector22~0                                ;    ;
; cmd_proc:cmd_proc|Selector21~0                                ;    ;
; cmd_proc:cmd_proc|Selector20~0                                ;    ;
; cmd_proc:cmd_proc|Selector19~0                                ;    ;
; cmd_proc:cmd_proc|Selector18~0                                ;    ;
; cmd_proc:cmd_proc|Selector17~0                                ;    ;
; cmd_proc:cmd_proc|Selector16~0                                ;    ;
; cmd_proc:cmd_proc|Selector15~0                                ;    ;
; cmd_proc:cmd_proc|Selector14~0                                ;    ;
; cmd_proc:cmd_proc|Selector13~0                                ;    ;
; cmd_proc:cmd_proc|Selector12~0                                ;    ;
; cmd_proc:cmd_proc|Selector11~0                                ;    ;
; cmd_proc:cmd_proc|Selector10~0                                ;    ;
; cmd_proc:cmd_proc|Selector9~0                                 ;    ;
; cmd_proc:cmd_proc|Selector8~0                                 ;    ;
; cmd_proc:cmd_proc|Selector7~0                                 ;    ;
; cmd_proc:cmd_proc|Selector6~0                                 ;    ;
; cmd_proc:cmd_proc|periodical_strb_gen:strb_gen|next_cnt[19]~0 ;    ;
; cmd_proc:cmd_proc|Selector26~0                                ;    ;
; cmd_proc:cmd_proc|Selector27~0                                ;    ;
; cmd_proc:cmd_proc|Selector28~0                                ;    ;
; cmd_proc:cmd_proc|Selector29~0                                ;    ;
; cmd_proc:cmd_proc|Selector30~0                                ;    ;
; cmd_proc:cmd_proc|Selector31~0                                ;    ;
; cmd_proc:cmd_proc|Selector32~0                                ;    ;
; cmd_proc:cmd_proc|Selector33~0                                ;    ;
; cmd_proc:cmd_proc|Selector34~0                                ;    ;
; cmd_proc:cmd_proc|Selector35~0                                ;    ;
; cmd_proc:cmd_proc|Selector36~0                                ;    ;
; cmd_proc:cmd_proc|Selector37~0                                ;    ;
; cmd_proc:cmd_proc|Selector38~0                                ;    ;
; cmd_proc:cmd_proc|Selector39~0                                ;    ;
; cmd_proc:cmd_proc|Selector40~0                                ;    ;
; cmd_proc:cmd_proc|Selector41~0                                ;    ;
; cmd_proc:cmd_proc|Selector42~0                                ;    ;
; cmd_proc:cmd_proc|Selector43~0                                ;    ;
; cmd_proc:cmd_proc|Selector44~0                                ;    ;
; cmd_proc:cmd_proc|Selector45~0                                ;    ;
; Number of logic cells representing combinational loops        ; 41 ;
+---------------------------------------------------------------+----+
Note: All cells listed above may not be present at the end of synthesis due to various synthesis optimizations.


+---------------------------------------------------------------------------------------------------------------------+
; Registers Removed During Synthesis                                                                                  ;
+------------------------------------------------------+--------------------------------------------------------------+
; Register name                                        ; Reason for Removal                                           ;
+------------------------------------------------------+--------------------------------------------------------------+
; cmd_proc:cmd_proc|z_value[1..4,7,10..12]             ; Merged with cmd_proc:cmd_proc|z_value[0]                     ;
; cmd_proc:cmd_proc|z_value[5,8,15]                    ; Merged with cmd_proc:cmd_proc|z_value[13]                    ;
; cmd_proc:cmd_proc|z_value[6,9,19]                    ; Merged with cmd_proc:cmd_proc|z_value[14]                    ;
; cmd_proc:cmd_proc|z_value[17,18]                     ; Merged with cmd_proc:cmd_proc|z_value[16]                    ;
; cmd_proc:cmd_proc|command_rom:cmd_rom|data_o[35..39] ; Merged with cmd_proc:cmd_proc|command_rom:cmd_rom|data_o[34] ;
; cmd_proc:cmd_proc|z_value[0,16]                      ; Stuck at GND due to stuck port data_in                       ;
; Total Number of Removed Registers = 23               ;                                                              ;
+------------------------------------------------------+--------------------------------------------------------------+


+------------------------------------------------------+
; General Register Statistics                          ;
+----------------------------------------------+-------+
; Statistic                                    ; Value ;
+----------------------------------------------+-------+
; Total registers                              ; 82    ;
; Number of registers using Synchronous Clear  ; 20    ;
; Number of registers using Synchronous Load   ; 0     ;
; Number of registers using Asynchronous Clear ; 44    ;
; Number of registers using Asynchronous Load  ; 0     ;
; Number of registers using Clock Enable       ; 0     ;
; Number of registers using Preset             ; 0     ;
+----------------------------------------------+-------+


+--------------------------------------------------+
; Inverted Register Statistics                     ;
+----------------------------------------+---------+
; Inverted Register                      ; Fan out ;
+----------------------------------------+---------+
; cmd_proc:cmd_proc|z_value[14]          ; 5       ;
; Total number of inverted registers = 1 ;         ;
+----------------------------------------+---------+


+-------------------------------------------------------------------------------------------------------------------------------------------------------------+
; Multiplexer Restructuring Statistics (Restructuring Performed)                                                                                              ;
+--------------------+-----------+---------------+----------------------+------------------------+------------+-----------------------------------------------+
; Multiplexer Inputs ; Bus Width ; Baseline Area ; Area if Restructured ; Saving if Restructured ; Registered ; Example Multiplexer Output                    ;
+--------------------+-----------+---------------+----------------------+------------------------+------------+-----------------------------------------------+
; 6:1                ; 2 bits    ; 8 LEs         ; 6 LEs                ; 2 LEs                  ; No         ; |board_cmd_proc|cmd_proc:cmd_proc|Selector140 ;
+--------------------+-----------+---------------+----------------------+------------------------+------------+-----------------------------------------------+


+----------------------------------------------------------------+
; Parameter Settings for User Entity Instance: cmd_proc:cmd_proc ;
+----------------+---------+-------------------------------------+
; Parameter Name ; Value   ; Type                                ;
+----------------+---------+-------------------------------------+
; servo_cnt_len  ; 20      ; Signed Integer                      ;
; wait_prescaler ; 1000000 ; Signed Integer                      ;
; d              ; 20      ; Signed Integer                      ;
+----------------+---------+-------------------------------------+
Note: In order to hide this table in the UI and the text report file, please set the "Show Parameter Settings in Synthesis Report" option in "Analysis and Synthesis Settings -> More Settings" to "Off".


+---------------------------------------------------------------------------------------------+
; Parameter Settings for User Entity Instance: cmd_proc:cmd_proc|periodical_strb_gen:strb_gen ;
+----------------+---------+------------------------------------------------------------------+
; Parameter Name ; Value   ; Type                                                             ;
+----------------+---------+------------------------------------------------------------------+
; prescaler      ; 1000000 ; Signed Integer                                                   ;
+----------------+---------+------------------------------------------------------------------+
Note: In order to hide this table in the UI and the text report file, please set the "Show Parameter Settings in Synthesis Report" option in "Analysis and Synthesis Settings -> More Settings" to "Off".


+-----------------------------------------------------------------------------------------------------------------+
; Port Connectivity Checks: "cmd_proc:cmd_proc"                                                                   ;
+-------+--------+----------+-------------------------------------------------------------------------------------+
; Port  ; Type   ; Severity ; Details                                                                             ;
+-------+--------+----------+-------------------------------------------------------------------------------------+
; y_out ; Output ; Info     ; Connected to dangling logic. Logic that only feeds a dangling port will be removed. ;
+-------+--------+----------+-------------------------------------------------------------------------------------+


+-----------------------------------------------------+
; Post-Synthesis Netlist Statistics for Top Partition ;
+-----------------------+-----------------------------+
; Type                  ; Count                       ;
+-----------------------+-----------------------------+
; arriav_ff             ; 82                          ;
;     CLR               ; 44                          ;
;     SCLR              ; 20                          ;
;     plain             ; 18                          ;
; arriav_lcell_comb     ; 237                         ;
;     arith             ; 92                          ;
;         1 data inputs ; 52                          ;
;         2 data inputs ; 20                          ;
;         3 data inputs ; 20                          ;
;     normal            ; 145                         ;
;         0 data inputs ; 2                           ;
;         1 data inputs ; 2                           ;
;         2 data inputs ; 65                          ;
;         3 data inputs ; 4                           ;
;         4 data inputs ; 17                          ;
;         5 data inputs ; 5                           ;
;         6 data inputs ; 50                          ;
; boundary_port         ; 64                          ;
;                       ;                             ;
; Max LUT depth         ; 5.10                        ;
; Average LUT depth     ; 3.47                        ;
+-----------------------+-----------------------------+


+-------------------------------+
; Elapsed Time Per Partition    ;
+----------------+--------------+
; Partition Name ; Elapsed Time ;
+----------------+--------------+
; Top            ; 00:00:00     ;
+----------------+--------------+


+-------------------------------+
; Analysis & Synthesis Messages ;
+-------------------------------+
Info: *******************************************************************
Info: Running Quartus Prime Analysis & Synthesis
    Info: Version 25.1std.0 Build 1129 10/21/2025 SC Lite Edition
    Info: Processing started: Mon Jan 12 11:12:25 2026
Info: Command: quartus_map --read_settings_files=on --write_settings_files=off HWDP_PR8 -c HWDP_PR8
Warning (18236): Number of processors has not been specified which may cause overloading on shared machines.  Set the global assignment NUM_PARALLEL_PROCESSORS in your QSF to an appropriate value for best performance.
Info (20030): Parallel compilation is enabled and will use 16 of the 16 processors detected
Info (12021): Found 1 design units, including 0 entities, in source file std_package.vhd
    Info (12022): Found design unit 1: std_package File: /home/felix/DEV/Uni/WS2025/Hardwaredesign/PR8/std_package.vhd Line: 6
Info (12021): Found 1 design units, including 0 entities, in source file Commands_p.vhd
    Info (12022): Found design unit 1: commands File: /home/felix/DEV/Uni/WS2025/Hardwaredesign/PR8/Commands_p.vhd Line: 7
Info (12021): Found 2 design units, including 1 entities, in source file CommandROM_ea.vhd
    Info (12022): Found design unit 1: command_rom-rtl File: /home/felix/DEV/Uni/WS2025/Hardwaredesign/PR8/CommandROM_ea.vhd Line: 16
    Info (12023): Found entity 1: command_rom File: /home/felix/DEV/Uni/WS2025/Hardwaredesign/PR8/CommandROM_ea.vhd Line: 7
Info (12021): Found 1 design units, including 1 entities, in source file cmd_proc_e.vhd
    Info (12023): Found entity 1: cmd_proc File: /home/felix/DEV/Uni/WS2025/Hardwaredesign/PR8/cmd_proc_e.vhd Line: 5
Info (12021): Found 1 design units, including 0 entities, in source file cmd_proc_a.vhd
    Info (12022): Found design unit 1: cmd_proc-bhv_cmd_proc File: /home/felix/DEV/Uni/WS2025/Hardwaredesign/PR8/cmd_proc_a.vhd Line: 8
Info (12021): Found 2 design units, including 1 entities, in source file periodical_strb_gen_ea.vhd
    Info (12022): Found design unit 1: periodical_strb_gen-bhv_strb_gen File: /home/felix/DEV/Uni/WS2025/Hardwaredesign/PR8/periodical_strb_gen_ea.vhd Line: 17
    Info (12023): Found entity 1: periodical_strb_gen File: /home/felix/DEV/Uni/WS2025/Hardwaredesign/PR8/periodical_strb_gen_ea.vhd Line: 6
Info (12021): Found 2 design units, including 1 entities, in source file tb_periodical_strb_gen.vhd
    Info (12022): Found design unit 1: tb_periodical_strb_gen-bhv_tb_periodical_strb_gen File: /home/felix/DEV/Uni/WS2025/Hardwaredesign/PR8/tb_periodical_strb_gen.vhd Line: 10
    Info (12023): Found entity 1: tb_periodical_strb_gen File: /home/felix/DEV/Uni/WS2025/Hardwaredesign/PR8/tb_periodical_strb_gen.vhd Line: 7
Info (12021): Found 2 design units, including 1 entities, in source file tb_cmd_proc.vhd
    Info (12022): Found design unit 1: tb_cmd_proc-bhv_tb_cmd_proc File: /home/felix/DEV/Uni/WS2025/Hardwaredesign/PR8/tb_cmd_proc.vhd Line: 9
    Info (12023): Found entity 1: tb_cmd_proc File: /home/felix/DEV/Uni/WS2025/Hardwaredesign/PR8/tb_cmd_proc.vhd Line: 6
Info (12021): Found 2 design units, including 1 entities, in source file board_cmd_proc_ea.vhd
    Info (12022): Found design unit 1: board_cmd_proc-bhv_board_cmd_proc File: /home/felix/DEV/Uni/WS2025/Hardwaredesign/PR8/board_cmd_proc_ea.vhd Line: 19
    Info (12023): Found entity 1: board_cmd_proc File: /home/felix/DEV/Uni/WS2025/Hardwaredesign/PR8/board_cmd_proc_ea.vhd Line: 6
Info (12127): Elaborating entity "board_cmd_proc" for the top level hierarchy
Warning (10541): VHDL Signal Declaration warning at board_cmd_proc_ea.vhd(14): used implicit default value for signal "y_out" because signal was never assigned a value or an explicit default value. Use of implicit default value may introduce unintended design optimizations. File: /home/felix/DEV/Uni/WS2025/Hardwaredesign/PR8/board_cmd_proc_ea.vhd Line: 14
Info (12128): Elaborating entity "cmd_proc" for hierarchy "cmd_proc:cmd_proc" File: /home/felix/DEV/Uni/WS2025/Hardwaredesign/PR8/board_cmd_proc_ea.vhd Line: 22
Warning (10492): VHDL Process Statement warning at cmd_proc_a.vhd(59): signal "address" is read inside the Process Statement but isn't in the Process Statement's sensitivity list File: /home/felix/DEV/Uni/WS2025/Hardwaredesign/PR8/cmd_proc_a.vhd Line: 59
Warning (10492): VHDL Process Statement warning at cmd_proc_a.vhd(60): signal "command_count" is read inside the Process Statement but isn't in the Process Statement's sensitivity list File: /home/felix/DEV/Uni/WS2025/Hardwaredesign/PR8/cmd_proc_a.vhd Line: 60
Warning (10492): VHDL Process Statement warning at cmd_proc_a.vhd(61): signal "z_value" is read inside the Process Statement but isn't in the Process Statement's sensitivity list File: /home/felix/DEV/Uni/WS2025/Hardwaredesign/PR8/cmd_proc_a.vhd Line: 61
Warning (10492): VHDL Process Statement warning at cmd_proc_a.vhd(77): signal "r_sum" is read inside the Process Statement but isn't in the Process Statement's sensitivity list File: /home/felix/DEV/Uni/WS2025/Hardwaredesign/PR8/cmd_proc_a.vhd Line: 77
Warning (10492): VHDL Process Statement warning at cmd_proc_a.vhd(77): signal "command_data" is read inside the Process Statement but isn't in the Process Statement's sensitivity list File: /home/felix/DEV/Uni/WS2025/Hardwaredesign/PR8/cmd_proc_a.vhd Line: 77
Warning (10492): VHDL Process Statement warning at cmd_proc_a.vhd(78): signal "theta_sum" is read inside the Process Statement but isn't in the Process Statement's sensitivity list File: /home/felix/DEV/Uni/WS2025/Hardwaredesign/PR8/cmd_proc_a.vhd Line: 78
Warning (10492): VHDL Process Statement warning at cmd_proc_a.vhd(78): signal "command_data" is read inside the Process Statement but isn't in the Process Statement's sensitivity list File: /home/felix/DEV/Uni/WS2025/Hardwaredesign/PR8/cmd_proc_a.vhd Line: 78
Warning (10492): VHDL Process Statement warning at cmd_proc_a.vhd(81): signal "command_count" is read inside the Process Statement but isn't in the Process Statement's sensitivity list File: /home/felix/DEV/Uni/WS2025/Hardwaredesign/PR8/cmd_proc_a.vhd Line: 81
Warning (10492): VHDL Process Statement warning at cmd_proc_a.vhd(88): signal "r_sum" is read inside the Process Statement but isn't in the Process Statement's sensitivity list File: /home/felix/DEV/Uni/WS2025/Hardwaredesign/PR8/cmd_proc_a.vhd Line: 88
Warning (10492): VHDL Process Statement warning at cmd_proc_a.vhd(88): signal "command_data" is read inside the Process Statement but isn't in the Process Statement's sensitivity list File: /home/felix/DEV/Uni/WS2025/Hardwaredesign/PR8/cmd_proc_a.vhd Line: 88
Warning (10492): VHDL Process Statement warning at cmd_proc_a.vhd(89): signal "theta_sum" is read inside the Process Statement but isn't in the Process Statement's sensitivity list File: /home/felix/DEV/Uni/WS2025/Hardwaredesign/PR8/cmd_proc_a.vhd Line: 89
Warning (10492): VHDL Process Statement warning at cmd_proc_a.vhd(89): signal "command_data" is read inside the Process Statement but isn't in the Process Statement's sensitivity list File: /home/felix/DEV/Uni/WS2025/Hardwaredesign/PR8/cmd_proc_a.vhd Line: 89
Warning (10492): VHDL Process Statement warning at cmd_proc_a.vhd(95): signal "r_sum" is read inside the Process Statement but isn't in the Process Statement's sensitivity list File: /home/felix/DEV/Uni/WS2025/Hardwaredesign/PR8/cmd_proc_a.vhd Line: 95
Warning (10492): VHDL Process Statement warning at cmd_proc_a.vhd(95): signal "command_data" is read inside the Process Statement but isn't in the Process Statement's sensitivity list File: /home/felix/DEV/Uni/WS2025/Hardwaredesign/PR8/cmd_proc_a.vhd Line: 95
Warning (10492): VHDL Process Statement warning at cmd_proc_a.vhd(96): signal "theta_sum" is read inside the Process Statement but isn't in the Process Statement's sensitivity list File: /home/felix/DEV/Uni/WS2025/Hardwaredesign/PR8/cmd_proc_a.vhd Line: 96
Warning (10492): VHDL Process Statement warning at cmd_proc_a.vhd(96): signal "command_data" is read inside the Process Statement but isn't in the Process Statement's sensitivity list File: /home/felix/DEV/Uni/WS2025/Hardwaredesign/PR8/cmd_proc_a.vhd Line: 96
Warning (10492): VHDL Process Statement warning at cmd_proc_a.vhd(98): signal "command_count" is read inside the Process Statement but isn't in the Process Statement's sensitivity list File: /home/felix/DEV/Uni/WS2025/Hardwaredesign/PR8/cmd_proc_a.vhd Line: 98
Warning (10492): VHDL Process Statement warning at cmd_proc_a.vhd(99): signal "address" is read inside the Process Statement but isn't in the Process Statement's sensitivity list File: /home/felix/DEV/Uni/WS2025/Hardwaredesign/PR8/cmd_proc_a.vhd Line: 99
Warning (10492): VHDL Process Statement warning at cmd_proc_a.vhd(100): signal "command_count" is read inside the Process Statement but isn't in the Process Statement's sensitivity list File: /home/felix/DEV/Uni/WS2025/Hardwaredesign/PR8/cmd_proc_a.vhd Line: 100
Warning (10492): VHDL Process Statement warning at cmd_proc_a.vhd(103): signal "command_count" is read inside the Process Statement but isn't in the Process Statement's sensitivity list File: /home/felix/DEV/Uni/WS2025/Hardwaredesign/PR8/cmd_proc_a.vhd Line: 103
Info (12128): Elaborating entity "command_rom" for hierarchy "cmd_proc:cmd_proc|command_rom:cmd_rom" File: /home/felix/DEV/Uni/WS2025/Hardwaredesign/PR8/cmd_proc_a.vhd Line: 20
Info (12128): Elaborating entity "periodical_strb_gen" for hierarchy "cmd_proc:cmd_proc|periodical_strb_gen:strb_gen" File: /home/felix/DEV/Uni/WS2025/Hardwaredesign/PR8/cmd_proc_a.vhd Line: 27
Warning (10492): VHDL Process Statement warning at periodical_strb_gen_ea.vhd(44): signal "next_cnt" is read inside the Process Statement but isn't in the Process Statement's sensitivity list File: /home/felix/DEV/Uni/WS2025/Hardwaredesign/PR8/periodical_strb_gen_ea.vhd Line: 44
Info (276014): Found 1 instances of uninferred RAM logic
    Info (276004): RAM logic "cmd_proc:cmd_proc|command_rom:cmd_rom|ROMMEM" is uninferred due to inappropriate RAM size File: /home/felix/DEV/Uni/WS2025/Hardwaredesign/PR8/CommandROM_ea.vhd Line: 17
Warning (113028): 3 out of 64 addresses are uninitialized. The Quartus Prime software will initialize them to "0". There are 1 warnings found, and 1 warnings are reported. File: /home/felix/DEV/Uni/WS2025/Hardwaredesign/PR8/db/HWDP_PR8.ram0_command_rom_34420a2a.hdl.mif Line: 1
    Warning (113027): Addresses ranging from 61 to 63 are not initialized File: /home/felix/DEV/Uni/WS2025/Hardwaredesign/PR8/db/HWDP_PR8.ram0_command_rom_34420a2a.hdl.mif Line: 1
Warning (13024): Output pins are stuck at VCC or GND
    Warning (13410): Pin "y_out[0]" is stuck at GND File: /home/felix/DEV/Uni/WS2025/Hardwaredesign/PR8/board_cmd_proc_ea.vhd Line: 14
    Warning (13410): Pin "y_out[1]" is stuck at GND File: /home/felix/DEV/Uni/WS2025/Hardwaredesign/PR8/board_cmd_proc_ea.vhd Line: 14
    Warning (13410): Pin "y_out[2]" is stuck at GND File: /home/felix/DEV/Uni/WS2025/Hardwaredesign/PR8/board_cmd_proc_ea.vhd Line: 14
    Warning (13410): Pin "y_out[3]" is stuck at GND File: /home/felix/DEV/Uni/WS2025/Hardwaredesign/PR8/board_cmd_proc_ea.vhd Line: 14
    Warning (13410): Pin "y_out[4]" is stuck at GND File: /home/felix/DEV/Uni/WS2025/Hardwaredesign/PR8/board_cmd_proc_ea.vhd Line: 14
    Warning (13410): Pin "y_out[5]" is stuck at GND File: /home/felix/DEV/Uni/WS2025/Hardwaredesign/PR8/board_cmd_proc_ea.vhd Line: 14
    Warning (13410): Pin "y_out[6]" is stuck at GND File: /home/felix/DEV/Uni/WS2025/Hardwaredesign/PR8/board_cmd_proc_ea.vhd Line: 14
    Warning (13410): Pin "y_out[7]" is stuck at GND File: /home/felix/DEV/Uni/WS2025/Hardwaredesign/PR8/board_cmd_proc_ea.vhd Line: 14
    Warning (13410): Pin "y_out[8]" is stuck at GND File: /home/felix/DEV/Uni/WS2025/Hardwaredesign/PR8/board_cmd_proc_ea.vhd Line: 14
    Warning (13410): Pin "y_out[9]" is stuck at GND File: /home/felix/DEV/Uni/WS2025/Hardwaredesign/PR8/board_cmd_proc_ea.vhd Line: 14
    Warning (13410): Pin "y_out[10]" is stuck at GND File: /home/felix/DEV/Uni/WS2025/Hardwaredesign/PR8/board_cmd_proc_ea.vhd Line: 14
    Warning (13410): Pin "y_out[11]" is stuck at GND File: /home/felix/DEV/Uni/WS2025/Hardwaredesign/PR8/board_cmd_proc_ea.vhd Line: 14
    Warning (13410): Pin "y_out[12]" is stuck at GND File: /home/felix/DEV/Uni/WS2025/Hardwaredesign/PR8/board_cmd_proc_ea.vhd Line: 14
    Warning (13410): Pin "y_out[13]" is stuck at GND File: /home/felix/DEV/Uni/WS2025/Hardwaredesign/PR8/board_cmd_proc_ea.vhd Line: 14
    Warning (13410): Pin "y_out[14]" is stuck at GND File: /home/felix/DEV/Uni/WS2025/Hardwaredesign/PR8/board_cmd_proc_ea.vhd Line: 14
    Warning (13410): Pin "y_out[15]" is stuck at GND File: /home/felix/DEV/Uni/WS2025/Hardwaredesign/PR8/board_cmd_proc_ea.vhd Line: 14
    Warning (13410): Pin "y_out[16]" is stuck at GND File: /home/felix/DEV/Uni/WS2025/Hardwaredesign/PR8/board_cmd_proc_ea.vhd Line: 14
    Warning (13410): Pin "y_out[17]" is stuck at GND File: /home/felix/DEV/Uni/WS2025/Hardwaredesign/PR8/board_cmd_proc_ea.vhd Line: 14
    Warning (13410): Pin "y_out[18]" is stuck at GND File: /home/felix/DEV/Uni/WS2025/Hardwaredesign/PR8/board_cmd_proc_ea.vhd Line: 14
    Warning (13410): Pin "y_out[19]" is stuck at GND File: /home/felix/DEV/Uni/WS2025/Hardwaredesign/PR8/board_cmd_proc_ea.vhd Line: 14
    Warning (13410): Pin "z_out[0]" is stuck at GND File: /home/felix/DEV/Uni/WS2025/Hardwaredesign/PR8/board_cmd_proc_ea.vhd Line: 15
    Warning (13410): Pin "z_out[1]" is stuck at GND File: /home/felix/DEV/Uni/WS2025/Hardwaredesign/PR8/board_cmd_proc_ea.vhd Line: 15
    Warning (13410): Pin "z_out[2]" is stuck at GND File: /home/felix/DEV/Uni/WS2025/Hardwaredesign/PR8/board_cmd_proc_ea.vhd Line: 15
    Warning (13410): Pin "z_out[3]" is stuck at GND File: /home/felix/DEV/Uni/WS2025/Hardwaredesign/PR8/board_cmd_proc_ea.vhd Line: 15
    Warning (13410): Pin "z_out[4]" is stuck at GND File: /home/felix/DEV/Uni/WS2025/Hardwaredesign/PR8/board_cmd_proc_ea.vhd Line: 15
    Warning (13410): Pin "z_out[7]" is stuck at GND File: /home/felix/DEV/Uni/WS2025/Hardwaredesign/PR8/board_cmd_proc_ea.vhd Line: 15
    Warning (13410): Pin "z_out[10]" is stuck at GND File: /home/felix/DEV/Uni/WS2025/Hardwaredesign/PR8/board_cmd_proc_ea.vhd Line: 15
    Warning (13410): Pin "z_out[11]" is stuck at GND File: /home/felix/DEV/Uni/WS2025/Hardwaredesign/PR8/board_cmd_proc_ea.vhd Line: 15
    Warning (13410): Pin "z_out[12]" is stuck at GND File: /home/felix/DEV/Uni/WS2025/Hardwaredesign/PR8/board_cmd_proc_ea.vhd Line: 15
    Warning (13410): Pin "z_out[16]" is stuck at VCC File: /home/felix/DEV/Uni/WS2025/Hardwaredesign/PR8/board_cmd_proc_ea.vhd Line: 15
    Warning (13410): Pin "z_out[17]" is stuck at VCC File: /home/felix/DEV/Uni/WS2025/Hardwaredesign/PR8/board_cmd_proc_ea.vhd Line: 15
    Warning (13410): Pin "z_out[18]" is stuck at VCC File: /home/felix/DEV/Uni/WS2025/Hardwaredesign/PR8/board_cmd_proc_ea.vhd Line: 15
Info (286030): Timing-Driven Synthesis is running
Critical Warning (18061): Ignored Power-Up Level option on the following registers
    Critical Warning (18010): Register cmd_proc:cmd_proc|command_count[31] will power up to Low File: /home/felix/DEV/Uni/WS2025/Hardwaredesign/PR8/cmd_proc_a.vhd Line: 43
    Critical Warning (18010): Register cmd_proc:cmd_proc|command_count[0] will power up to Low File: /home/felix/DEV/Uni/WS2025/Hardwaredesign/PR8/cmd_proc_a.vhd Line: 43
Info (16010): Generating hard_block partition "hard_block:auto_generated_inst"
    Info (16011): Adding 0 node(s), including 0 DDIO, 0 PLL, 0 transceiver and 0 LCELL
Info (21057): Implemented 299 device resources after synthesis - the final resource count might be different
    Info (21058): Implemented 3 input pins
    Info (21059): Implemented 61 output pins
    Info (21061): Implemented 235 logic cells
Info: Quartus Prime Analysis & Synthesis was successful. 0 errors, 61 warnings
    Info: Peak virtual memory: 569 megabytes
    Info: Processing ended: Mon Jan 12 11:12:31 2026
    Info: Elapsed time: 00:00:06
    Info: Total CPU time (on all processors): 00:00:14


