Flow report for HWDP_PR9
Tue Mar 17 10:56:37 2026
Quartus Prime Version 25.1std.0 Build 1129 10/21/2025 SC Lite Edition


---------------------
; Table of Contents ;
---------------------
  1. Legal Notice
  2. Flow Summary
  3. Flow Settings
  4. Flow Non-Default Global Settings
  5. Flow Elapsed Time
  6. Flow OS Summary
  7. Flow Log
  8. Flow Messages
  9. Flow Suppressed Messages



----------------
; Legal Notice ;
----------------
Copyright (C) 2025  Altera Corporation. All rights reserved.
Your use of Altera Corporation's design tools, logic functions 
and other software and tools, and any partner logic 
functions, and any output files from any of the foregoing 
(including device programming or simulation files), and any 
associated documentation or information are expressly subject 
to the terms and conditions of the Altera Program License 
Subscription Agreement, the Altera Quartus Prime License Agreement,
the Altera IP License Agreement, or other applicable license
agreement, including, without limitation, that your use is for
the sole purpose of programming logic devices manufactured by
Altera and sold by Altera or its authorized distributors.  Please
refer to the Altera Software License Subscription Agreements 
on the Quartus Prime software download page.



+-----------------------------------------------------------------------------------+
; Flow Summary                                                                      ;
+---------------------------------+-------------------------------------------------+
; Flow Status                     ; Successful - Tue Mar 17 10:56:33 2026           ;
; Quartus Prime Version           ; 25.1std.0 Build 1129 10/21/2025 SC Lite Edition ;
; Revision Name                   ; HWDP_PR9                                        ;
; Top-level Entity Name           ; axis_controller                                 ;
; Family                          ; Cyclone V                                       ;
; Device                          ; 5CSXFC6D6F31C6                                  ;
; Timing Models                   ; Final                                           ;
; Logic utilization (in ALMs)     ; 549 / 41,910 ( 1 % )                            ;
; Total registers                 ; 604                                             ;
; Total pins                      ; 59 / 499 ( 12 % )                               ;
; Total virtual pins              ; 0                                               ;
; Total block memory bits         ; 272 / 5,662,720 ( < 1 % )                       ;
; Total DSP Blocks                ; 6 / 112 ( 5 % )                                 ;
; Total HSSI RX PCSs              ; 0 / 9 ( 0 % )                                   ;
; Total HSSI PMA RX Deserializers ; 0 / 9 ( 0 % )                                   ;
; Total HSSI TX PCSs              ; 0 / 9 ( 0 % )                                   ;
; Total HSSI PMA TX Serializers   ; 0 / 9 ( 0 % )                                   ;
; Total PLLs                      ; 0 / 15 ( 0 % )                                  ;
; Total DLLs                      ; 0 / 4 ( 0 % )                                   ;
+---------------------------------+-------------------------------------------------+


+-----------------------------------------+
; Flow Settings                           ;
+-------------------+---------------------+
; Option            ; Setting             ;
+-------------------+---------------------+
; Start date & time ; 03/17/2026 10:55:48 ;
; Main task         ; Compilation         ;
; Revision Name     ; HWDP_PR9            ;
+-------------------+---------------------+


+-----------------------------------------------------------------------------------------------------------------------------+
; Flow Non-Default Global Settings                                                                                            ;
+-------------------------------------+----------------------------------------+---------------+-----------------+------------+
; Assignment Name                     ; Value                                  ; Default Value ; Entity Name     ; Section Id ;
+-------------------------------------+----------------------------------------+---------------+-----------------+------------+
; COMPILER_SIGNATURE_ID               ; 70481903361913.177374134815310         ; --            ; --              ; --         ;
; MAX_CORE_JUNCTION_TEMP              ; 85                                     ; --            ; --              ; --         ;
; MIN_CORE_JUNCTION_TEMP              ; 0                                      ; --            ; --              ; --         ;
; PARTITION_COLOR                     ; -- (Not supported for targeted family) ; --            ; axis_controller ; Top        ;
; PARTITION_FITTER_PRESERVATION_LEVEL ; -- (Not supported for targeted family) ; --            ; axis_controller ; Top        ;
; PARTITION_NETLIST_TYPE              ; -- (Not supported for targeted family) ; --            ; axis_controller ; Top        ;
; POWER_BOARD_THERMAL_MODEL           ; None (CONSERVATIVE)                    ; --            ; --              ; --         ;
; POWER_PRESET_COOLING_SOLUTION       ; 23 MM HEAT SINK WITH 200 LFPM AIRFLOW  ; --            ; --              ; --         ;
; TOP_LEVEL_ENTITY                    ; axis_controller                        ; HWDP_PR9      ; --              ; --         ;
+-------------------------------------+----------------------------------------+---------------+-----------------+------------+


+--------------------------------------------------------------------------------------------------------------------------+
; Flow Elapsed Time                                                                                                        ;
+----------------------+--------------+-------------------------+---------------------+------------------------------------+
; Module Name          ; Elapsed Time ; Average Processors Used ; Peak Virtual Memory ; Total CPU Time (on all processors) ;
+----------------------+--------------+-------------------------+---------------------+------------------------------------+
; Analysis & Synthesis ; 00:00:07     ; 1.0                     ; 626 MB              ; 00:00:18                           ;
; Fitter               ; 00:00:32     ; 1.2                     ; 2811 MB             ; 00:02:01                           ;
; Assembler            ; 00:00:04     ; 1.0                     ; 529 MB              ; 00:00:03                           ;
; Timing Analyzer      ; 00:00:03     ; 2.1                     ; 1006 MB             ; 00:00:06                           ;
; Total                ; 00:00:46     ; --                      ; --                  ; 00:02:28                           ;
+----------------------+--------------+-------------------------+---------------------+------------------------------------+


+---------------------------------------------------------------------------------+
; Flow OS Summary                                                                 ;
+----------------------+------------------+---------+------------+----------------+
; Module Name          ; Machine Hostname ; OS Name ; OS Version ; Processor type ;
+----------------------+------------------+---------+------------+----------------+
; Analysis & Synthesis ; neptun           ; Ubuntu  ; 25         ; x86_64         ;
; Fitter               ; neptun           ; Ubuntu  ; 25         ; x86_64         ;
; Assembler            ; neptun           ; Ubuntu  ; 25         ; x86_64         ;
; Timing Analyzer      ; neptun           ; Ubuntu  ; 25         ; x86_64         ;
+----------------------+------------------+---------+------------+----------------+


------------
; Flow Log ;
------------
quartus_map --read_settings_files=on --write_settings_files=off HWDP_PR9 -c HWDP_PR9
quartus_fit --read_settings_files=off --write_settings_files=off HWDP_PR9 -c HWDP_PR9
quartus_asm --read_settings_files=off --write_settings_files=off HWDP_PR9 -c HWDP_PR9
quartus_sta HWDP_PR9 -c HWDP_PR9



