------------------------------------------------------------
Timing Analyzer Summary
------------------------------------------------------------

Type  : Slow 1100mV 85C Model Setup 'clk_i'
Slack : -12.295
TNS   : -2204.976

Type  : Slow 1100mV 85C Model Hold 'clk_i'
Slack : 0.343
TNS   : 0.000

Type  : Slow 1100mV 85C Model Recovery 'clk_i'
Slack : -0.653
TNS   : -58.307

Type  : Slow 1100mV 85C Model Removal 'clk_i'
Slack : 0.433
TNS   : 0.000

Type  : Slow 1100mV 85C Model Minimum Pulse Width 'clk_i'
Slack : -2.174
TNS   : -543.423

Type  : Slow 1100mV 0C Model Setup 'clk_i'
Slack : -12.205
TNS   : -2188.222

Type  : Slow 1100mV 0C Model Hold 'clk_i'
Slack : 0.322
TNS   : 0.000

Type  : Slow 1100mV 0C Model Recovery 'clk_i'
Slack : -0.571
TNS   : -49.519

Type  : Slow 1100mV 0C Model Removal 'clk_i'
Slack : 0.359
TNS   : 0.000

Type  : Slow 1100mV 0C Model Minimum Pulse Width 'clk_i'
Slack : -2.174
TNS   : -508.988

Type  : Fast 1100mV 85C Model Setup 'clk_i'
Slack : -6.494
TNS   : -1032.440

Type  : Fast 1100mV 85C Model Hold 'clk_i'
Slack : 0.178
TNS   : 0.000

Type  : Fast 1100mV 85C Model Recovery 'clk_i'
Slack : -0.040
TNS   : -0.578

Type  : Fast 1100mV 85C Model Removal 'clk_i'
Slack : 0.218
TNS   : 0.000

Type  : Fast 1100mV 85C Model Minimum Pulse Width 'clk_i'
Slack : -2.174
TNS   : -412.985

Type  : Fast 1100mV 0C Model Setup 'clk_i'
Slack : -5.915
TNS   : -909.334

Type  : Fast 1100mV 0C Model Hold 'clk_i'
Slack : 0.169
TNS   : 0.000

Type  : Fast 1100mV 0C Model Recovery 'clk_i'
Slack : 0.057
TNS   : 0.000

Type  : Fast 1100mV 0C Model Removal 'clk_i'
Slack : 0.163
TNS   : 0.000

Type  : Fast 1100mV 0C Model Minimum Pulse Width 'clk_i'
Slack : -2.174
TNS   : -466.337

------------------------------------------------------------
